// Jest Snapshot v1, https://goo.gl/fbAQLP

exports[`EmailVerificationSuccess snapshot render 1`] = `
<DocumentFragment>
  <div
    class="py-5 container"
    data-testid="email-verification-success-page"
  >
    <div
      class="justify-content-center row"
    >
      <div
        class="col-xl-5 col-lg-6 col-md-8 col-12"
      >
        <div
          class="fade alert alert-success alert-dismissible show"
          role="alert"
        >
          <button
            aria-label="Close alert"
            class="btn-close"
            type="button"
          />
          <div
            class="alert-heading h4"
            data-testid="email-verification-success-title"
          >
            ¡Tu cuenta ha sido verificada!
          </div>
          <p
            class="mb-4"
            data-testid="email-verification-success-message"
          >
            Ya puedes iniciar sesión en la plataforma.
          </p>
          <a
            class="btn btn-primary mt-3"
            data-discover="true"
            data-testid="email-verification-success-login"
            href="/login"
          >
            Ir al login
          </a>
        </div>
      </div>
    </div>
  </div>
</DocumentFragment>
`;
